dsfskdhsfkhfskfaksfw2342423

2423424

rr32525235werwe

fwfwerwer
rewrew
rewrewrewr
rewrewewrwer
rewrwerwe

qerwrwrwrwerw24234234324234
dskdsfdsfa
wrwr324242333

3r23rewrwrwrwerew
2324324243423553645